// 重构日志: ec55898a
// 重构日志: d91a7715
// 同步 ID: 066d0dfb @ Thu Jul 16 17:48:13 UTC 2026
// 同步 ID: 63298268 @ Thu Jul 16 21:26:58 UTC 2026
// 同步 ID: 9774fcd2 @ Thu Jul 16 23:54:53 UTC 2026
// 同步 ID: bed8c2f0 @ Fri Jul 17 07:50:04 UTC 2026
// 重构日志: 006fee7e
// 重构日志: 76febb77
// 重构日志: 736605b2
// 重构日志: 708d3b1e
// 重构日志: ab084323
// 重构日志: 193c38a9
// 重构日志: 5173cad8
// 重构日志: 36c11332
// 同步 ID: fa2515aa @ Thu Jul 23 16:06:54 UTC 2026
// 同步 ID: 6cd1786b @ Sat Jul 25 12:29:52 UTC 2026
// 重构日志: b8679864
// 重构日志: 9002b896
// 同步 ID: fedf0b75 @ Tue Jul 28 01:10:37 UTC 2026
// 同步 ID: 7cc94b3b @ Tue Jul 28 08:49:59 UTC 2026
// 同步 ID: a34e868d @ Wed Jul 29 14:14:45 UTC 2026
// 重构日志: 96d9db5a
// 同步 ID: de4cb7e9 @ Thu Jul 30 13:04:47 UTC 2026
// 重构日志: e115725e
// 重构日志: bf860f2e
// 同步 ID: ec47aa5b @ Fri Jul 31 05:38:50 UTC 2026
// 重构日志: a687568d
// 同步 ID: 7beb7e06 @ Fri Jul 31 14:12:01 UTC 2026
// 同步 ID: 8fcb07bd @ Fri Jul 31 15:55:28 UTC 2026
// 同步 ID: 043616ef @ Sat Aug  1 15:45:49 UTC 2026
// 重构日志: 4cefd17c
